[22/May/2026 01:04:18] "POST /api/v1/customer/auth/login/ HTTP/1.1" 200 531
[22/May/2026 01:04:28] "POST /api/v1/customer/auth/login/ HTTP/1.1" 200 531
[22/May/2026 01:04:38] "POST /api/v1/customer/auth/login/ HTTP/1.1" 200 531
[22/May/2026 01:04:46] "POST /api/v1/cart/add/ HTTP/1.1" 201 39
[22/May/2026 01:04:52] "POST /api/v1/cart/add/ HTTP/1.1" 201 39
[22/May/2026 01:04:58] "POST /api/v1/cart/add/ HTTP/1.1" 201 39
[22/May/2026 01:05:05] "POST /api/v1/cart/add/ HTTP/1.1" 201 40
[22/May/2026 01:05:07] "GET /api/v1/catalog/products/ HTTP/1.1" 200 806
[22/May/2026 01:05:07] "GET /api/v1/catalog/products/ HTTP/1.1" 200 806
[22/May/2026 01:05:07] "GET /api/v1/catalog/products/ HTTP/1.1" 200 806
[22/May/2026 01:05:07] "GET /api/v1/catalog/products/ HTTP/1.1" 200 806
[22/May/2026 01:05:08] "GET /api/v1/catalog/products/ HTTP/1.1" 200 806
[22/May/2026 01:05:08] "GET /api/v1/catalog/products/ HTTP/1.1" 200 806
[22/May/2026 01:05:08] "POST /api/v1/orders/checkout/ HTTP/1.1" 201 53
[22/May/2026 01:05:08] "GET /api/v1/catalog/products/ HTTP/1.1" 200 806
[22/May/2026 01:05:08] "GET /api/v1/catalog/products/ HTTP/1.1" 200 806
[22/May/2026 01:05:08] "POST /api/v1/orders/checkout/ HTTP/1.1" 201 53
[22/May/2026 01:05:08] "GET /api/v1/catalog/products/ HTTP/1.1" 200 806
[22/May/2026 01:05:08] "GET /api/v1/catalog/products/ HTTP/1.1" 200 806
[22/May/2026 01:05:08] "GET /api/v1/catalog/products/ HTTP/1.1" 200 806
[22/May/2026 01:05:09] "GET /api/v1/catalog/products/ HTTP/1.1" 200 806
[22/May/2026 01:05:10] "GET /api/v1/catalog/products/ HTTP/1.1" 200 806
[22/May/2026 01:05:10] "GET /api/v1/catalog/products/ HTTP/1.1" 200 806
[22/May/2026 01:05:10] "GET /api/v1/catalog/products/ HTTP/1.1" 200 806
[22/May/2026 01:05:10] "GET /api/v1/catalog/products/ HTTP/1.1" 200 806
[22/May/2026 01:05:10] "GET /api/v1/catalog/products/ HTTP/1.1" 200 806
[22/May/2026 01:05:10] "GET /api/v1/catalog/products/ HTTP/1.1" 200 806
[22/May/2026 01:05:10] "GET /api/v1/catalog/products/ HTTP/1.1" 200 806
[22/May/2026 01:05:11] "GET /api/v1/catalog/products/ HTTP/1.1" 200 806
[22/May/2026 01:05:11] "GET /api/v1/catalog/products/ HTTP/1.1" 200 806
[22/May/2026 01:05:12] "GET /api/v1/catalog/products/ HTTP/1.1" 200 806
[22/May/2026 01:05:12] "GET /api/v1/catalog/products/ HTTP/1.1" 200 806
[22/May/2026 01:05:12] "GET /api/v1/catalog/products/ HTTP/1.1" 200 806
[22/May/2026 01:05:12] "GET /api/v1/catalog/products/ HTTP/1.1" 200 806
[22/May/2026 01:05:12] "GET /api/v1/catalog/products/ HTTP/1.1" 200 806
[22/May/2026 01:05:12] "GET /api/v1/catalog/products/ HTTP/1.1" 200 806
[22/May/2026 01:05:12] "GET /api/v1/catalog/products/ HTTP/1.1" 200 806
[22/May/2026 01:05:13] "GET /api/v1/catalog/products/ HTTP/1.1" 200 806
[22/May/2026 01:05:13] "GET /api/v1/catalog/products/ HTTP/1.1" 200 806
[22/May/2026 01:05:13] "GET /api/v1/catalog/products/ HTTP/1.1" 200 806
[22/May/2026 01:05:14] "GET /api/v1/catalog/products/ HTTP/1.1" 200 806
[22/May/2026 01:05:14] "GET /api/v1/catalog/products/ HTTP/1.1" 200 806
[22/May/2026 01:05:14] "GET /api/v1/catalog/products/ HTTP/1.1" 200 806
[22/May/2026 01:05:14] "GET /api/v1/catalog/products/ HTTP/1.1" 200 806
[22/May/2026 01:05:14] "GET /api/v1/catalog/products/ HTTP/1.1" 200 806
[22/May/2026 01:05:14] "GET /api/v1/catalog/products/ HTTP/1.1" 200 806
[22/May/2026 01:05:15] "GET /api/v1/catalog/products/ HTTP/1.1" 200 806
[22/May/2026 01:05:15] "GET /api/v1/catalog/products/ HTTP/1.1" 200 806
[22/May/2026 01:05:15] "GET /api/v1/catalog/products/ HTTP/1.1" 200 806
[22/May/2026 01:05:15] "GET /api/v1/catalog/products/ HTTP/1.1" 200 806
[22/May/2026 01:05:16] "GET /api/v1/catalog/products/ HTTP/1.1" 200 806
[22/May/2026 01:05:16] "GET /api/v1/catalog/products/ HTTP/1.1" 200 806
[22/May/2026 01:05:16] "GET /api/v1/catalog/products/ HTTP/1.1" 200 806
[22/May/2026 01:05:17] "GET /api/v1/catalog/products/ HTTP/1.1" 200 806
[22/May/2026 01:05:17] "GET /api/v1/catalog/products/ HTTP/1.1" 200 806
[22/May/2026 01:05:17] "GET /api/v1/catalog/products/ HTTP/1.1" 200 806
[22/May/2026 01:05:17] "GET /api/v1/catalog/products/ HTTP/1.1" 200 806
[22/May/2026 01:05:17] "GET /api/v1/catalog/products/ HTTP/1.1" 200 806
[22/May/2026 01:05:17] "GET /api/v1/catalog/products/ HTTP/1.1" 200 806
[22/May/2026 01:05:17] "GET /api/v1/catalog/products/ HTTP/1.1" 200 806
[22/May/2026 01:05:18] "GET /api/v1/catalog/products/ HTTP/1.1" 200 806
[22/May/2026 01:05:18] "GET /api/v1/catalog/products/ HTTP/1.1" 200 806
[22/May/2026 01:05:19] "GET /api/v1/catalog/products/ HTTP/1.1" 200 806
[22/May/2026 01:05:19] "GET /api/v1/catalog/products/ HTTP/1.1" 200 806
[22/May/2026 01:05:19] "GET /api/v1/catalog/products/ HTTP/1.1" 200 806
[22/May/2026 01:05:19] "GET /api/v1/catalog/products/ HTTP/1.1" 200 806
[22/May/2026 01:05:19] "GET /api/v1/catalog/products/ HTTP/1.1" 200 806
[22/May/2026 01:05:19] "GET /api/v1/catalog/products/ HTTP/1.1" 200 806
[22/May/2026 01:05:19] "GET /api/v1/catalog/products/ HTTP/1.1" 200 806
[22/May/2026 01:05:20] "GET /api/v1/catalog/products/ HTTP/1.1" 200 806
[22/May/2026 01:05:20] "GET /api/v1/catalog/products/ HTTP/1.1" 200 806
[22/May/2026 01:05:21] "GET /api/v1/catalog/products/ HTTP/1.1" 200 806
[22/May/2026 01:05:21] "GET /api/v1/catalog/products/ HTTP/1.1" 200 806
[22/May/2026 01:05:21] "GET /api/v1/catalog/products/ HTTP/1.1" 200 806
[22/May/2026 01:05:21] "GET /api/v1/catalog/products/ HTTP/1.1" 200 806
[22/May/2026 01:05:21] "GET /api/v1/catalog/products/ HTTP/1.1" 200 806
[22/May/2026 01:05:21] "GET /api/v1/catalog/products/ HTTP/1.1" 200 806
[22/May/2026 01:05:22] "GET /api/v1/catalog/products/ HTTP/1.1" 200 806
[22/May/2026 01:05:22] "GET /api/v1/catalog/products/ HTTP/1.1" 200 806
[22/May/2026 01:05:22] "GET /api/v1/catalog/products/ HTTP/1.1" 200 806
[22/May/2026 01:05:22] "GET /api/v1/catalog/products/ HTTP/1.1" 200 806
[22/May/2026 01:05:23] "GET /api/v1/catalog/products/ HTTP/1.1" 200 806
[22/May/2026 01:05:23] "GET /api/v1/catalog/products/ HTTP/1.1" 200 806
[22/May/2026 01:05:23] "GET /api/v1/catalog/products/ HTTP/1.1" 200 806
[22/May/2026 01:05:23] "GET /api/v1/catalog/products/ HTTP/1.1" 200 806
[22/May/2026 01:05:23] "GET /api/v1/catalog/products/ HTTP/1.1" 200 806
[22/May/2026 01:05:24] "GET /api/v1/catalog/products/ HTTP/1.1" 200 806
[22/May/2026 01:05:24] "GET /api/v1/catalog/products/ HTTP/1.1" 200 806
[22/May/2026 01:05:24] "GET /api/v1/catalog/products/ HTTP/1.1" 200 806
[22/May/2026 01:05:24] "GET /api/v1/catalog/products/ HTTP/1.1" 200 806
[22/May/2026 01:05:24] "GET /api/v1/catalog/products/ HTTP/1.1" 200 806
[22/May/2026 01:05:25] "GET /api/v1/catalog/products/ HTTP/1.1" 200 806
[22/May/2026 01:05:25] "GET /api/v1/catalog/products/ HTTP/1.1" 200 806
[22/May/2026 01:05:25] "GET /api/v1/catalog/products/ HTTP/1.1" 200 806
[22/May/2026 01:05:26] "GET /api/v1/catalog/products/ HTTP/1.1" 200 806
[22/May/2026 01:05:26] "GET /api/v1/catalog/products/ HTTP/1.1" 200 806
[22/May/2026 01:05:26] "GET /api/v1/catalog/products/ HTTP/1.1" 200 806
[22/May/2026 01:05:26] "GET /api/v1/catalog/products/ HTTP/1.1" 200 806
[22/May/2026 01:05:26] "GET /api/v1/catalog/products/ HTTP/1.1" 200 806
[22/May/2026 01:05:26] "GET /api/v1/catalog/products/ HTTP/1.1" 200 806
[22/May/2026 01:05:27] "GET /api/v1/catalog/products/ HTTP/1.1" 200 806
[22/May/2026 01:05:27] "GET /api/v1/catalog/products/ HTTP/1.1" 200 806
[22/May/2026 01:05:27] "GET /api/v1/catalog/products/ HTTP/1.1" 200 806
[22/May/2026 01:05:27] "GET /api/v1/catalog/products/ HTTP/1.1" 200 806
[22/May/2026 01:05:28] "GET /api/v1/catalog/products/ HTTP/1.1" 200 806
[22/May/2026 01:05:28] "GET /api/v1/catalog/products/ HTTP/1.1" 200 806
[22/May/2026 01:05:28] "GET /api/v1/catalog/products/ HTTP/1.1" 200 806
[22/May/2026 01:05:28] "GET /api/v1/catalog/products/ HTTP/1.1" 200 806
[22/May/2026 01:05:28] "GET /api/v1/catalog/products/ HTTP/1.1" 200 806
[22/May/2026 01:05:29] "GET /api/v1/catalog/products/ HTTP/1.1" 200 806
[22/May/2026 01:05:29] "GET /api/v1/catalog/products/ HTTP/1.1" 200 806
[22/May/2026 01:05:29] "GET /api/v1/catalog/products/ HTTP/1.1" 200 806
[22/May/2026 01:05:29] "GET /api/v1/catalog/products/ HTTP/1.1" 200 806
[22/May/2026 01:05:30] "GET /api/v1/catalog/products/ HTTP/1.1" 200 806
[22/May/2026 01:05:30] "GET /api/v1/catalog/products/ HTTP/1.1" 200 806
[22/May/2026 01:05:30] "GET /api/v1/catalog/products/ HTTP/1.1" 200 806
[22/May/2026 01:05:30] "GET /api/v1/catalog/products/ HTTP/1.1" 200 806
[22/May/2026 01:05:30] "GET /api/v1/catalog/products/ HTTP/1.1" 200 806
[22/May/2026 01:05:31] "GET /api/v1/catalog/products/ HTTP/1.1" 200 806
[22/May/2026 01:05:31] "GET /api/v1/catalog/products/ HTTP/1.1" 200 806
[22/May/2026 01:05:31] "GET /api/v1/catalog/products/ HTTP/1.1" 200 806
[22/May/2026 01:05:31] "GET /api/v1/catalog/products/ HTTP/1.1" 200 806
[22/May/2026 01:05:32] "GET /api/v1/catalog/products/ HTTP/1.1" 200 806
[22/May/2026 01:05:32] "GET /api/v1/catalog/products/ HTTP/1.1" 200 806
[22/May/2026 01:05:32] "GET /api/v1/catalog/products/ HTTP/1.1" 200 806
[22/May/2026 01:05:32] "GET /api/v1/catalog/products/ HTTP/1.1" 200 806
[22/May/2026 01:05:33] "GET /api/v1/catalog/products/ HTTP/1.1" 200 806
[22/May/2026 01:05:33] "GET /api/v1/catalog/products/ HTTP/1.1" 200 806
[22/May/2026 01:05:33] "GET /api/v1/catalog/products/ HTTP/1.1" 200 806
[22/May/2026 01:05:33] "GET /api/v1/catalog/products/ HTTP/1.1" 200 806
[22/May/2026 01:05:33] "GET /api/v1/catalog/products/ HTTP/1.1" 200 806
[22/May/2026 01:05:34] "GET /api/v1/catalog/products/ HTTP/1.1" 200 806
[22/May/2026 01:05:34] "GET /api/v1/catalog/products/ HTTP/1.1" 200 806
[22/May/2026 01:05:34] "GET /api/v1/catalog/products/ HTTP/1.1" 200 806
[22/May/2026 01:05:34] "GET /api/v1/catalog/products/ HTTP/1.1" 200 806
[22/May/2026 01:05:35] "GET /api/v1/catalog/products/ HTTP/1.1" 200 806
[22/May/2026 01:05:35] "GET /api/v1/catalog/products/ HTTP/1.1" 200 806
[22/May/2026 01:05:35] "GET /api/v1/catalog/products/ HTTP/1.1" 200 806
[22/May/2026 01:05:35] "GET /api/v1/catalog/products/ HTTP/1.1" 200 806
[22/May/2026 01:05:35] "GET /api/v1/catalog/products/ HTTP/1.1" 200 806
[22/May/2026 01:05:35] "GET /api/v1/catalog/products/ HTTP/1.1" 200 806
[22/May/2026 01:05:36] "GET /api/v1/catalog/products/ HTTP/1.1" 200 806
[22/May/2026 01:05:36] "GET /api/v1/catalog/products/ HTTP/1.1" 200 806
[22/May/2026 01:05:36] "GET /api/v1/catalog/products/ HTTP/1.1" 200 806
[22/May/2026 01:05:37] "GET /api/v1/catalog/products/ HTTP/1.1" 200 806
[22/May/2026 01:05:37] "GET /api/v1/catalog/products/ HTTP/1.1" 200 806
[22/May/2026 01:05:37] "GET /api/v1/catalog/products/ HTTP/1.1" 200 806
[22/May/2026 01:05:37] "GET /api/v1/catalog/products/ HTTP/1.1" 200 806
[22/May/2026 01:05:37] "GET /api/v1/catalog/products/ HTTP/1.1" 200 806
[22/May/2026 01:05:37] "GET /api/v1/catalog/products/ HTTP/1.1" 200 806
[22/May/2026 01:05:38] "GET /api/v1/catalog/products/ HTTP/1.1" 200 806
[22/May/2026 01:05:38] "GET /api/v1/catalog/products/ HTTP/1.1" 200 806
[22/May/2026 01:05:38] "GET /api/v1/catalog/products/ HTTP/1.1" 200 806
[22/May/2026 01:05:38] "GET /api/v1/catalog/products/ HTTP/1.1" 200 806
[22/May/2026 01:05:39] "GET /api/v1/catalog/products/ HTTP/1.1" 200 806
[22/May/2026 01:05:39] "GET /api/v1/catalog/products/ HTTP/1.1" 200 806
[22/May/2026 01:05:39] "GET /api/v1/catalog/products/ HTTP/1.1" 200 806
[22/May/2026 01:05:39] "GET /api/v1/catalog/products/ HTTP/1.1" 200 806
[22/May/2026 01:05:39] "GET /api/v1/catalog/products/ HTTP/1.1" 200 806
[22/May/2026 01:05:40] "GET /api/v1/catalog/products/ HTTP/1.1" 200 806
[22/May/2026 01:05:40] "GET /api/v1/catalog/products/ HTTP/1.1" 200 806
[22/May/2026 01:05:40] "GET /api/v1/catalog/products/ HTTP/1.1" 200 806
[22/May/2026 01:05:40] "GET /api/v1/catalog/products/ HTTP/1.1" 200 806
[22/May/2026 01:05:41] "GET /api/v1/catalog/products/ HTTP/1.1" 200 806
[22/May/2026 01:05:41] "GET /api/v1/catalog/products/ HTTP/1.1" 200 806
[22/May/2026 01:05:41] "GET /api/v1/catalog/products/ HTTP/1.1" 200 806
[22/May/2026 01:05:41] "GET /api/v1/catalog/products/ HTTP/1.1" 200 806
[22/May/2026 01:05:42] "GET /api/v1/catalog/products/ HTTP/1.1" 200 806
[22/May/2026 01:05:42] "GET /api/v1/catalog/products/ HTTP/1.1" 200 806
[22/May/2026 01:05:42] "GET /api/v1/catalog/products/ HTTP/1.1" 200 806
[22/May/2026 01:05:42] "GET /api/v1/catalog/products/ HTTP/1.1" 200 806
[22/May/2026 01:05:42] "GET /api/v1/catalog/products/ HTTP/1.1" 200 806
[22/May/2026 01:05:43] "GET /api/v1/catalog/products/ HTTP/1.1" 200 806
[22/May/2026 01:05:43] "GET /api/v1/catalog/products/ HTTP/1.1" 200 806
[22/May/2026 01:05:43] "GET /api/v1/catalog/products/ HTTP/1.1" 200 806
[22/May/2026 01:05:44] "GET /api/v1/catalog/products/ HTTP/1.1" 200 806
[22/May/2026 01:05:44] "GET /api/v1/catalog/products/ HTTP/1.1" 200 806
[22/May/2026 01:05:44] "GET /api/v1/catalog/products/ HTTP/1.1" 200 806
[22/May/2026 01:05:44] "GET /api/v1/catalog/products/ HTTP/1.1" 200 806
[22/May/2026 01:05:44] "GET /api/v1/catalog/products/ HTTP/1.1" 200 806
[22/May/2026 01:05:44] "GET /api/v1/catalog/products/ HTTP/1.1" 200 806
[22/May/2026 01:05:44] "GET /api/v1/catalog/products/ HTTP/1.1" 200 806
[22/May/2026 01:05:45] "GET /api/v1/catalog/products/ HTTP/1.1" 200 806
[22/May/2026 01:05:45] "GET /api/v1/catalog/products/ HTTP/1.1" 200 806
[22/May/2026 01:05:45] "GET /api/v1/catalog/products/ HTTP/1.1" 200 806
[22/May/2026 01:05:46] "GET /api/v1/catalog/products/ HTTP/1.1" 200 806
[22/May/2026 01:05:46] "GET /api/v1/catalog/products/ HTTP/1.1" 200 806
[22/May/2026 01:05:46] "GET /api/v1/catalog/products/ HTTP/1.1" 200 806
[22/May/2026 01:05:46] "GET /api/v1/catalog/products/ HTTP/1.1" 200 806
[22/May/2026 01:05:46] "GET /api/v1/catalog/products/ HTTP/1.1" 200 806
[22/May/2026 01:05:47] "GET /api/v1/catalog/products/ HTTP/1.1" 200 806
[22/May/2026 01:05:47] "GET /api/v1/catalog/products/ HTTP/1.1" 200 806
[22/May/2026 01:05:47] "GET /api/v1/catalog/products/ HTTP/1.1" 200 806
[22/May/2026 01:05:47] "GET /api/v1/catalog/products/ HTTP/1.1" 200 806
[22/May/2026 01:05:48] "GET /api/v1/catalog/products/ HTTP/1.1" 200 806
[22/May/2026 01:05:48] "GET /api/v1/catalog/products/ HTTP/1.1" 200 806
[22/May/2026 01:05:48] "GET /api/v1/catalog/products/ HTTP/1.1" 200 806
[22/May/2026 01:05:48] "GET /api/v1/catalog/products/ HTTP/1.1" 200 806
[22/May/2026 01:05:48] "GET /api/v1/catalog/products/ HTTP/1.1" 200 806
[22/May/2026 01:05:48] "GET /api/v1/catalog/products/ HTTP/1.1" 200 806
[22/May/2026 01:05:49] "GET /api/v1/catalog/products/ HTTP/1.1" 200 806
[22/May/2026 01:05:49] "GET /api/v1/catalog/products/ HTTP/1.1" 200 806
[22/May/2026 01:05:49] "GET /api/v1/catalog/products/ HTTP/1.1" 200 806
[22/May/2026 01:05:50] "GET /api/v1/catalog/products/ HTTP/1.1" 200 806
[22/May/2026 01:05:50] "GET /api/v1/catalog/products/ HTTP/1.1" 200 806
[22/May/2026 01:05:50] "GET /api/v1/catalog/products/ HTTP/1.1" 200 806
[22/May/2026 01:05:50] "GET /api/v1/catalog/products/ HTTP/1.1" 200 806
[22/May/2026 01:05:50] "GET /api/v1/catalog/products/ HTTP/1.1" 200 806
[22/May/2026 01:05:51] "GET /api/v1/catalog/products/ HTTP/1.1" 200 806
[22/May/2026 01:05:51] "GET /api/v1/catalog/products/ HTTP/1.1" 200 806
Bad Request: /api/v1/orders/checkout/
[22/May/2026 01:05:53] "POST /api/v1/orders/checkout/ HTTP/1.1" 400 71
Bad Request: /api/v1/orders/checkout/
[22/May/2026 01:05:54] "POST /api/v1/orders/checkout/ HTTP/1.1" 400 71
[22/May/2026 01:05:54] "GET /api/v1/catalog/products/ HTTP/1.1" 200 806
[22/May/2026 01:05:54] "GET /api/v1/catalog/products/ HTTP/1.1" 200 806
[22/May/2026 01:05:54] "GET /api/v1/catalog/products/ HTTP/1.1" 200 806
[22/May/2026 01:05:54] "GET /api/v1/catalog/products/ HTTP/1.1" 200 806
[22/May/2026 01:05:54] "GET /api/v1/catalog/products/ HTTP/1.1" 200 806
[22/May/2026 01:05:54] "GET /api/v1/catalog/products/ HTTP/1.1" 200 806
[22/May/2026 01:05:54] "GET /api/v1/catalog/products/ HTTP/1.1" 200 806
[22/May/2026 01:05:54] "GET /api/v1/catalog/products/ HTTP/1.1" 200 806
[22/May/2026 01:05:55] "GET /api/v1/catalog/products/ HTTP/1.1" 200 806
[22/May/2026 01:05:55] "GET /api/v1/catalog/products/ HTTP/1.1" 200 806
[22/May/2026 01:05:55] "GET /api/v1/catalog/products/ HTTP/1.1" 200 806
[22/May/2026 01:05:55] "GET /api/v1/catalog/products/ HTTP/1.1" 200 806
[22/May/2026 01:05:56] "GET /api/v1/catalog/products/ HTTP/1.1" 200 806
[22/May/2026 01:05:56] "GET /api/v1/catalog/products/ HTTP/1.1" 200 806
[22/May/2026 01:05:56] "GET /api/v1/catalog/products/ HTTP/1.1" 200 806
[22/May/2026 01:05:56] "GET /api/v1/catalog/products/ HTTP/1.1" 200 806
[22/May/2026 01:05:57] "GET /api/v1/catalog/products/ HTTP/1.1" 200 806
[22/May/2026 01:05:57] "GET /api/v1/catalog/products/ HTTP/1.1" 200 806
[22/May/2026 01:05:57] "GET /api/v1/catalog/products/ HTTP/1.1" 200 806
[22/May/2026 01:05:57] "GET /api/v1/catalog/products/ HTTP/1.1" 200 806
[22/May/2026 01:05:57] "GET /api/v1/catalog/products/ HTTP/1.1" 200 806
[22/May/2026 01:05:58] "GET /api/v1/catalog/products/ HTTP/1.1" 200 806
[22/May/2026 01:05:58] "GET /api/v1/catalog/products/ HTTP/1.1" 200 806
[22/May/2026 01:05:58] "GET /api/v1/catalog/products/ HTTP/1.1" 200 806
[22/May/2026 01:05:59] "GET /api/v1/catalog/products/ HTTP/1.1" 200 806
[22/May/2026 01:05:59] "GET /api/v1/catalog/products/ HTTP/1.1" 200 806
[22/May/2026 01:05:59] "GET /api/v1/catalog/products/ HTTP/1.1" 200 806
[22/May/2026 01:05:59] "GET /api/v1/catalog/products/ HTTP/1.1" 200 806
[22/May/2026 01:05:59] "GET /api/v1/catalog/products/ HTTP/1.1" 200 806
[22/May/2026 01:05:59] "GET /api/v1/catalog/products/ HTTP/1.1" 200 806
[22/May/2026 01:05:59] "GET /api/v1/catalog/products/ HTTP/1.1" 200 806
[22/May/2026 01:06:00] "GET /api/v1/catalog/products/ HTTP/1.1" 200 806
[22/May/2026 01:06:00] "GET /api/v1/catalog/products/ HTTP/1.1" 200 806
[22/May/2026 01:06:01] "GET /api/v1/catalog/products/ HTTP/1.1" 200 806
[22/May/2026 01:06:01] "GET /api/v1/catalog/products/ HTTP/1.1" 200 806
[22/May/2026 01:06:01] "GET /api/v1/catalog/products/ HTTP/1.1" 200 806
[22/May/2026 01:06:01] "GET /api/v1/catalog/products/ HTTP/1.1" 200 806
[22/May/2026 01:06:01] "GET /api/v1/catalog/products/ HTTP/1.1" 200 806
[22/May/2026 01:06:01] "GET /api/v1/catalog/products/ HTTP/1.1" 200 806
[22/May/2026 01:06:02] "GET /api/v1/catalog/products/ HTTP/1.1" 200 806
[22/May/2026 01:06:02] "GET /api/v1/catalog/products/ HTTP/1.1" 200 806
[22/May/2026 01:06:02] "GET /api/v1/catalog/products/ HTTP/1.1" 200 806
[22/May/2026 01:06:02] "GET /api/v1/catalog/products/ HTTP/1.1" 200 806
[22/May/2026 01:06:03] "GET /api/v1/catalog/products/ HTTP/1.1" 200 806
[22/May/2026 01:06:03] "GET /api/v1/catalog/products/ HTTP/1.1" 200 806
[22/May/2026 01:06:03] "GET /api/v1/catalog/products/ HTTP/1.1" 200 806
[22/May/2026 01:06:03] "GET /api/v1/catalog/products/ HTTP/1.1" 200 806
[22/May/2026 01:06:04] "GET /api/v1/catalog/products/ HTTP/1.1" 200 806
[22/May/2026 01:06:04] "GET /api/v1/catalog/products/ HTTP/1.1" 200 806
[22/May/2026 01:06:04] "GET /api/v1/catalog/products/ HTTP/1.1" 200 806
[22/May/2026 01:06:04] "GET /api/v1/catalog/products/ HTTP/1.1" 200 806
[22/May/2026 01:06:04] "GET /api/v1/catalog/products/ HTTP/1.1" 200 806
[22/May/2026 01:06:05] "GET /api/v1/catalog/products/ HTTP/1.1" 200 806
[22/May/2026 01:06:05] "GET /api/v1/catalog/products/ HTTP/1.1" 200 806
[22/May/2026 01:06:05] "GET /api/v1/catalog/products/ HTTP/1.1" 200 806
[22/May/2026 01:06:05] "GET /api/v1/catalog/products/ HTTP/1.1" 200 806
[22/May/2026 01:06:06] "GET /api/v1/catalog/products/ HTTP/1.1" 200 806
[22/May/2026 01:06:06] "GET /api/v1/catalog/products/ HTTP/1.1" 200 806
[22/May/2026 01:06:06] "GET /api/v1/catalog/products/ HTTP/1.1" 200 806
[22/May/2026 01:06:06] "GET /api/v1/catalog/products/ HTTP/1.1" 200 806
[22/May/2026 01:06:06] "GET /api/v1/catalog/products/ HTTP/1.1" 200 806
[22/May/2026 01:06:06] "GET /api/v1/catalog/products/ HTTP/1.1" 200 806
[22/May/2026 01:06:07] "GET /api/v1/catalog/products/ HTTP/1.1" 200 806
[22/May/2026 01:06:07] "GET /api/v1/catalog/products/ HTTP/1.1" 200 806
[22/May/2026 01:06:07] "GET /api/v1/catalog/products/ HTTP/1.1" 200 806
[22/May/2026 01:06:08] "GET /api/v1/catalog/products/ HTTP/1.1" 200 806
[22/May/2026 01:06:08] "GET /api/v1/catalog/products/ HTTP/1.1" 200 806
[22/May/2026 01:06:08] "GET /api/v1/catalog/products/ HTTP/1.1" 200 806
[22/May/2026 01:06:08] "GET /api/v1/catalog/products/ HTTP/1.1" 200 806
[22/May/2026 01:06:08] "GET /api/v1/catalog/products/ HTTP/1.1" 200 806
[22/May/2026 01:06:09] "GET /api/v1/catalog/products/ HTTP/1.1" 200 806
[22/May/2026 01:06:09] "GET /api/v1/catalog/products/ HTTP/1.1" 200 806
[22/May/2026 01:06:09] "GET /api/v1/catalog/products/ HTTP/1.1" 200 806
[22/May/2026 01:06:09] "GET /api/v1/catalog/products/ HTTP/1.1" 200 806
[22/May/2026 01:06:10] "GET /api/v1/catalog/products/ HTTP/1.1" 200 806
[22/May/2026 01:06:10] "GET /api/v1/catalog/products/ HTTP/1.1" 200 806
[22/May/2026 01:06:10] "GET /api/v1/catalog/products/ HTTP/1.1" 200 806
[22/May/2026 01:06:10] "GET /api/v1/catalog/products/ HTTP/1.1" 200 806
[22/May/2026 01:06:10] "GET /api/v1/catalog/products/ HTTP/1.1" 200 806
[22/May/2026 01:06:11] "GET /api/v1/catalog/products/ HTTP/1.1" 200 806
[22/May/2026 01:06:11] "GET /api/v1/catalog/products/ HTTP/1.1" 200 806
[22/May/2026 01:06:11] "GET /api/v1/catalog/products/ HTTP/1.1" 200 806
[22/May/2026 01:06:11] "GET /api/v1/catalog/products/ HTTP/1.1" 200 806
[22/May/2026 01:06:12] "GET /api/v1/catalog/products/ HTTP/1.1" 200 806
[22/May/2026 01:06:12] "GET /api/v1/catalog/products/ HTTP/1.1" 200 806
[22/May/2026 01:06:12] "GET /api/v1/catalog/products/ HTTP/1.1" 200 806
[22/May/2026 01:06:12] "GET /api/v1/catalog/products/ HTTP/1.1" 200 806
[22/May/2026 01:06:12] "GET /api/v1/catalog/products/ HTTP/1.1" 200 806
[22/May/2026 01:06:13] "GET /api/v1/catalog/products/ HTTP/1.1" 200 806
[22/May/2026 01:06:13] "GET /api/v1/catalog/products/ HTTP/1.1" 200 806
[22/May/2026 01:06:13] "GET /api/v1/catalog/products/ HTTP/1.1" 200 806
[22/May/2026 01:06:13] "GET /api/v1/catalog/products/ HTTP/1.1" 200 806
[22/May/2026 01:06:13] "GET /api/v1/catalog/products/ HTTP/1.1" 200 806
[22/May/2026 01:06:14] "GET /api/v1/catalog/products/ HTTP/1.1" 200 806
[22/May/2026 01:06:14] "GET /api/v1/catalog/products/ HTTP/1.1" 200 806
[22/May/2026 01:06:14] "GET /api/v1/catalog/products/ HTTP/1.1" 200 806
[22/May/2026 01:06:14] "GET /api/v1/catalog/products/ HTTP/1.1" 200 806
[22/May/2026 01:06:15] "GET /api/v1/catalog/products/ HTTP/1.1" 200 806
[22/May/2026 01:06:15] "GET /api/v1/catalog/products/ HTTP/1.1" 200 806
[22/May/2026 01:06:15] "GET /api/v1/catalog/products/ HTTP/1.1" 200 806
[22/May/2026 01:06:15] "GET /api/v1/catalog/products/ HTTP/1.1" 200 806
[22/May/2026 01:06:15] "GET /api/v1/catalog/products/ HTTP/1.1" 200 806
[22/May/2026 01:06:15] "GET /api/v1/catalog/products/ HTTP/1.1" 200 806
[22/May/2026 01:06:16] "GET /api/v1/catalog/products/ HTTP/1.1" 200 806
[22/May/2026 01:06:16] "GET /api/v1/catalog/products/ HTTP/1.1" 200 806
[22/May/2026 01:06:16] "GET /api/v1/catalog/products/ HTTP/1.1" 200 806
[22/May/2026 01:06:16] "GET /api/v1/catalog/products/ HTTP/1.1" 200 806
[22/May/2026 01:06:17] "GET /api/v1/catalog/products/ HTTP/1.1" 200 806
[22/May/2026 01:06:17] "GET /api/v1/catalog/products/ HTTP/1.1" 200 806
[22/May/2026 01:06:17] "GET /api/v1/catalog/products/ HTTP/1.1" 200 806
[22/May/2026 01:06:18] "GET /api/v1/catalog/products/ HTTP/1.1" 200 806
[22/May/2026 01:06:18] "GET /api/v1/catalog/products/ HTTP/1.1" 200 806
[22/May/2026 01:06:18] "GET /api/v1/catalog/products/ HTTP/1.1" 200 806
[22/May/2026 01:06:18] "GET /api/v1/catalog/products/ HTTP/1.1" 200 806
[22/May/2026 01:06:18] "GET /api/v1/catalog/products/ HTTP/1.1" 200 806
[22/May/2026 01:06:18] "GET /api/v1/catalog/products/ HTTP/1.1" 200 806
[22/May/2026 01:06:19] "GET /api/v1/catalog/products/ HTTP/1.1" 200 806
[22/May/2026 01:06:19] "GET /api/v1/catalog/products/ HTTP/1.1" 200 806
[22/May/2026 01:06:19] "GET /api/v1/catalog/products/ HTTP/1.1" 200 806
[22/May/2026 01:06:19] "GET /api/v1/catalog/products/ HTTP/1.1" 200 806
[22/May/2026 01:06:20] "GET /api/v1/catalog/products/ HTTP/1.1" 200 806
[22/May/2026 01:06:20] "GET /api/v1/catalog/products/ HTTP/1.1" 200 806
[22/May/2026 01:06:20] "GET /api/v1/catalog/products/ HTTP/1.1" 200 806
[22/May/2026 01:06:20] "GET /api/v1/catalog/products/ HTTP/1.1" 200 806
[22/May/2026 01:06:21] "GET /api/v1/catalog/products/ HTTP/1.1" 200 806
[22/May/2026 01:06:21] "GET /api/v1/catalog/products/ HTTP/1.1" 200 806
[22/May/2026 01:06:21] "GET /api/v1/catalog/products/ HTTP/1.1" 200 806
[22/May/2026 01:06:21] "GET /api/v1/catalog/products/ HTTP/1.1" 200 806
[22/May/2026 01:06:21] "GET /api/v1/catalog/products/ HTTP/1.1" 200 806
[22/May/2026 01:06:22] "GET /api/v1/catalog/products/ HTTP/1.1" 200 806
[22/May/2026 01:06:22] "GET /api/v1/catalog/products/ HTTP/1.1" 200 806
[22/May/2026 01:06:22] "GET /api/v1/catalog/products/ HTTP/1.1" 200 806
[22/May/2026 01:06:22] "GET /api/v1/catalog/products/ HTTP/1.1" 200 806
[22/May/2026 01:06:22] "GET /api/v1/catalog/products/ HTTP/1.1" 200 806
[22/May/2026 01:06:23] "GET /api/v1/catalog/products/ HTTP/1.1" 200 806
[22/May/2026 01:06:23] "GET /api/v1/catalog/products/ HTTP/1.1" 200 806
[22/May/2026 01:06:23] "GET /api/v1/catalog/products/ HTTP/1.1" 200 806
[22/May/2026 01:06:23] "GET /api/v1/catalog/products/ HTTP/1.1" 200 806
[22/May/2026 01:06:24] "GET /api/v1/catalog/products/ HTTP/1.1" 200 806
[22/May/2026 01:06:24] "GET /api/v1/catalog/products/ HTTP/1.1" 200 806
[22/May/2026 01:06:24] "GET /api/v1/catalog/products/ HTTP/1.1" 200 806
[22/May/2026 01:06:24] "GET /api/v1/catalog/products/ HTTP/1.1" 200 806
[22/May/2026 01:06:24] "GET /api/v1/catalog/products/ HTTP/1.1" 200 806
[22/May/2026 01:06:25] "GET /api/v1/catalog/products/ HTTP/1.1" 200 806
[22/May/2026 01:06:25] "GET /api/v1/catalog/products/ HTTP/1.1" 200 806
[22/May/2026 01:06:25] "GET /api/v1/catalog/products/ HTTP/1.1" 200 806
[22/May/2026 01:06:25] "GET /api/v1/catalog/products/ HTTP/1.1" 200 806
[22/May/2026 01:06:26] "GET /api/v1/catalog/products/ HTTP/1.1" 200 806
[22/May/2026 01:06:26] "GET /api/v1/catalog/products/ HTTP/1.1" 200 806
[22/May/2026 01:06:26] "GET /api/v1/catalog/products/ HTTP/1.1" 200 806
[22/May/2026 01:06:26] "GET /api/v1/catalog/products/ HTTP/1.1" 200 806
[22/May/2026 01:06:27] "GET /api/v1/catalog/products/ HTTP/1.1" 200 806
[22/May/2026 01:06:27] "GET /api/v1/catalog/products/ HTTP/1.1" 200 806
[22/May/2026 01:06:27] "GET /api/v1/catalog/products/ HTTP/1.1" 200 806
[22/May/2026 01:06:27] "GET /api/v1/catalog/products/ HTTP/1.1" 200 806
[22/May/2026 01:06:27] "GET /api/v1/catalog/products/ HTTP/1.1" 200 806
[22/May/2026 01:06:27] "GET /api/v1/catalog/products/ HTTP/1.1" 200 806
[22/May/2026 01:06:28] "GET /api/v1/catalog/products/ HTTP/1.1" 200 806
[22/May/2026 01:06:28] "GET /api/v1/catalog/products/ HTTP/1.1" 200 806
[22/May/2026 01:06:28] "GET /api/v1/catalog/products/ HTTP/1.1" 200 806
[22/May/2026 01:06:29] "GET /api/v1/catalog/products/ HTTP/1.1" 200 806
[22/May/2026 01:06:29] "GET /api/v1/catalog/products/ HTTP/1.1" 200 806
[22/May/2026 01:06:29] "GET /api/v1/catalog/products/ HTTP/1.1" 200 806
[22/May/2026 01:06:29] "GET /api/v1/catalog/products/ HTTP/1.1" 200 806
[22/May/2026 01:06:29] "GET /api/v1/catalog/products/ HTTP/1.1" 200 806
[22/May/2026 01:06:29] "GET /api/v1/catalog/products/ HTTP/1.1" 200 806
[22/May/2026 01:06:30] "GET /api/v1/catalog/products/ HTTP/1.1" 200 806
[22/May/2026 01:06:30] "GET /api/v1/catalog/products/ HTTP/1.1" 200 806
[22/May/2026 01:06:30] "GET /api/v1/catalog/products/ HTTP/1.1" 200 806
[22/May/2026 01:06:31] "GET /api/v1/catalog/products/ HTTP/1.1" 200 806
[22/May/2026 01:06:31] "GET /api/v1/catalog/products/ HTTP/1.1" 200 806
[22/May/2026 01:06:31] "GET /api/v1/catalog/products/ HTTP/1.1" 200 806
[22/May/2026 01:06:31] "GET /api/v1/catalog/products/ HTTP/1.1" 200 806
[22/May/2026 01:06:31] "GET /api/v1/catalog/products/ HTTP/1.1" 200 806
[22/May/2026 01:06:32] "GET /api/v1/catalog/products/ HTTP/1.1" 200 806
[22/May/2026 01:06:32] "GET /api/v1/catalog/products/ HTTP/1.1" 200 806
[22/May/2026 01:06:32] "GET /api/v1/catalog/products/ HTTP/1.1" 200 806
[22/May/2026 01:06:32] "GET /api/v1/catalog/products/ HTTP/1.1" 200 806
[22/May/2026 01:06:32] "GET /api/v1/catalog/products/ HTTP/1.1" 200 806
[22/May/2026 01:06:33] "GET /api/v1/catalog/products/ HTTP/1.1" 200 806
[22/May/2026 01:06:33] "GET /api/v1/catalog/products/ HTTP/1.1" 200 806
[22/May/2026 01:06:33] "GET /api/v1/catalog/products/ HTTP/1.1" 200 806
[22/May/2026 01:06:33] "GET /api/v1/catalog/products/ HTTP/1.1" 200 806
[22/May/2026 01:06:34] "GET /api/v1/catalog/products/ HTTP/1.1" 200 806
[22/May/2026 01:06:34] "GET /api/v1/catalog/products/ HTTP/1.1" 200 806
[22/May/2026 01:06:34] "GET /api/v1/catalog/products/ HTTP/1.1" 200 806
[22/May/2026 01:06:34] "GET /api/v1/catalog/products/ HTTP/1.1" 200 806
[22/May/2026 01:06:34] "GET /api/v1/catalog/products/ HTTP/1.1" 200 806
[22/May/2026 01:06:35] "GET /api/v1/catalog/products/ HTTP/1.1" 200 806
[22/May/2026 01:06:35] "GET /api/v1/catalog/products/ HTTP/1.1" 200 806
[22/May/2026 01:06:35] "GET /api/v1/catalog/products/ HTTP/1.1" 200 806
[22/May/2026 01:06:36] "GET /api/v1/catalog/products/ HTTP/1.1" 200 806
[22/May/2026 01:06:36] "GET /api/v1/catalog/products/ HTTP/1.1" 200 806
[22/May/2026 01:06:36] "GET /api/v1/catalog/products/ HTTP/1.1" 200 806
[22/May/2026 01:06:36] "GET /api/v1/catalog/products/ HTTP/1.1" 200 806
[22/May/2026 01:06:36] "GET /api/v1/catalog/products/ HTTP/1.1" 200 806
[22/May/2026 01:06:36] "GET /api/v1/catalog/products/ HTTP/1.1" 200 806
[22/May/2026 01:06:37] "GET /api/v1/catalog/products/ HTTP/1.1" 200 806
[22/May/2026 01:06:37] "GET /api/v1/catalog/products/ HTTP/1.1" 200 806
[22/May/2026 01:06:38] "GET /api/v1/catalog/products/ HTTP/1.1" 200 806
[22/May/2026 01:06:38] "GET /api/v1/catalog/products/ HTTP/1.1" 200 806
